[www.straightforwardsports.net/category/free-agency/index.html]
[backblue.gif]
[fade.gif]
[index.html]
[www.straightforwardsports.net/wp-content/plugins/super-socializer/images/close.png]
[www.straightforwardsports.net/wp-content/plugins/super-socializer/images/logo.png]
[www.straightforwardsports.net/wp-includes/js/jquery/jquery.js]
[cdn.onesignal.com/sdks/OneSignalSDK.js]
[www.straightforwardsports.net/category/free-agency/OneSignalSDKUpdaterWorker.js.6.delayed]
[www.straightforwardsports.net/category/free-agency/OneSignalSDKWorker.js.php]
[i2.wp.com/www.straightforwardsports.net/wp-content/uploads/2018/02/cropped-Site-Icon-2-1e43b.jpg]
[i2.wp.com/www.straightforwardsports.net/wp-content/uploads/2018/02/cropped-Site-Icon-2-198d8.jpg]
[i2.wp.com/www.straightforwardsports.net/wp-content/uploads/2018/02/cropped-Site-Icon-2-1f9b5.jpg]
[www.google-analytics.com/analytics.js]
[pagead2.googlesyndication.com/pagead/js/f.txt]
[i2.wp.com/www.straightforwardsports.net/wp-content/uploads/2019/07/NBA-logos1980.jpg]
[i0.wp.com/www.straightforwardsports.net/wp-content/uploads/2019/07/los-angeles-clippers1980.jpg]
[i0.wp.com/www.straightforwardsports.net/wp-content/uploads/2019/07/LeBron-Kawhi1980.jpg]
[i0.wp.com/www.straightforwardsports.net/wp-content/uploads/2019/06/lebron-james-anthony-davis-lakers-free-agency1980.jpg]
[i2.wp.com/www.straightforwardsports.net/wp-content/uploads/2019/06/Kawhi-Leonard1980.jpg]
[i1.wp.com/www.straightforwardsports.net/wp-content/uploads/2018/05/Dez_Bryant_20161980.jpg]
[i1.wp.com/www.straightforwardsports.net/wp-content/uploads/2019/08/browns-training-camp3e9e.jpg]
[i1.wp.com/www.straightforwardsports.net/wp-content/uploads/2019/05/Fantasy1181.png]
[i0.wp.com/www.straightforwardsports.net/wp-content/uploads/2019/08/mitch-trubisky6454.png]
[i1.wp.com/www.straightforwardsports.net/wp-content/uploads/2019/05/mccaffrey64e7.jpg]
[www.paypalobjects.com/webstatic/en_US/btn/btn_donate_cc_147x47.png]
[www.paypal.com/EN_US/i/scr/pixel.gif]
[s0.wp.com/wp-content/js/devicepx-jetpack.js]
[stats.wp.com/e-201932.js]
[www.straightforwardsports.net/wp-content/cache/autoptimize/js/autoptimize_7314eaf9182fa07859265042bfe94fc1.js]
[www.straightforwardsports.net/category/free-agency/index.html]
[www.straightforwardsports.net/wp-content/plugins/smart-logo-showcase-lite/css/owl.video.play.1e.delayed]
[www.straightforwardsports.net/wp-content/plugins/super-socializer/images/transparent_bg.png]
[www.straightforwardsports.net/wp-content/plugins/jetpack/modules/carousel/images/arrows.png]
[www.straightforwardsports.net/wp-content/cache/autoptimize/css/autoptimize_3899da1b8ade1aa8e9ef367b9e60bab6.css]
[www.straightforwardsports.net/category/free-agency/OneSignalSDKUpdaterWorker.js.html]
[www.straightforwardsports.net/category/free-agency/OneSignalSDKWorker.js.html]
[s0.wp.com/wp-content/js/devicepx-jetpack.js]
[www.straightforwardsports.net/category/free-agency/g.21.delayed]
[www.straightforwardsports.net/category/free-agency/c.gif]
[www.straightforwardsports.net/category/free-agency/t.gif]
[stats.wp.com/e-201932.js]
[www.straightforwardsports.net/wp-content/plugins/smart-logo-showcase-lite/css/owl.video.play.html]
[www.straightforwardsports.net/category/free-agency/g.html]
[www.straightforwardsports.net/category/free-agency/c.html]
[www.straightforwardsports.net/category/free-agency/t.html]
